ASxxxx Linker V03.00 + NoICE + sdld,  page 1.
Hexadecimal  [32-Bits]

Area                                    Addr        Size        Decimal Bytes (Attributes)
--------------------------------        ----        ----        ------- ----- ------------
IABS3                               00000000    00000001 =           1. bytes (ABS,CON)

      Value  Global                              Global Defined In Module
      -----  --------------------------------   ------------------------
     00000000  l_CABS                          
     00000000  l_GSINIT1                       
     00000000  l_GSINIT3                       
     00000000  l_GSINIT5                       
     00000000  l_IABS                          
     00000000  l_REG_BANK_2                    
     00000000  l_REG_BANK_3                    
     00000000  l_RSEG                          
     00000000  l_RSEG0                         
     00000000  l_RSEG1                         
     00000000  l_XABS                          
     00000000  l_XINIT                         
     00000000  l_XISEG                         
     00000000  l__CODE                         
     00000000  s_BSEG                          
     00000000  s_CABS                          
     00000000  s_DSEG                          
     00000000  s_HOME                          
     00000000  s_IABS                          
     00000000  s_IABS2                         
     00000000  s_IABS3                         
     00000000  s_REG_BANK_0                    
     00000000  s_RSEG                          
     00000000  s_RSEG0                         
     00000000  s_RSEG1                         
     00000000  s_XABS                          
     00000001  l_BIT_BANK                      
     00000001  l_IABS3                         
     00000003  l_GSINIT0                       
     00000003  l_OSEG                          
     00000004  l_BSEG_BYTES                    
     00000004  l_GSFINAL                       
     00000004  l_IABS2                         
     00000008  l_REG_BANK_0                    
     00000008  l_REG_BANK_1                    
     00000008  s_REG_BANK_1                    
     0000000A  l_GSINIT2                       
     0000000C  _timer0_overflow_count_5th_byte    main
     00000010  s_REG_BANK_2                    
     00000012  l_GSINIT                        
     00000018  s_REG_BANK_3                    
     0000001B  l_BSEG                          
     00000020  s_BSEG_BYTES                    
     00000020  s__CODE                         
     00000024  s_BIT_BANK                      
     0000002A  l_GSINIT4                       
     00000032  l_ISEG                          
     00000049  l_HOME                          
     00000049  s_GSINIT0                       
     0000004C  s_GSINIT1                       
ASxxxx Linker V03.00 + NoICE + sdld,  page 2.
Hexadecimal  [32-Bits]

Area                                    Addr        Size        Decimal Bytes (Attributes)
--------------------------------        ----        ----        ------- ----- ------------
IABS3                               00000000    00000001 =           1. bytes (ABS,CON)

      Value  Global                              Global Defined In Module
      -----  --------------------------------   ------------------------
     0000004C  s_GSINIT2                       
     0000004E  l_SSEG                          
     00000056  s_GSINIT3                       
     00000056  s_GSINIT4                       
     0000006C  l_PSEG                          
     0000007D  s_OSEG                          
     0000007F  l_DSEG                          
     00000080  s_GSINIT                        
     00000080  s_GSINIT5                       
     00000080  s_ISEG                          
     00000092  s_GSFINAL                       
     00000094  s_PSEG                          
     00000096  s_CSEG                          
     000000B2  s_SSEG                          
     00000100  l_IRAM                          
     00000100  s_XSEG                          
     000001E7  l_XSEG                          
     0000022C  l_CONST                         
     000002E7  s_XISEG                         
     00003538  l_CSEG                          
     000035CE  s_CONST                         
     000037FA  s_XINIT                         
ASxxxx Linker V03.00 + NoICE + sdld,  page 3.
Hexadecimal  [32-Bits]

Area                                    Addr        Size        Decimal Bytes (Attributes)
--------------------------------        ----        ----        ------- ----- ------------
IABS2                               00000000    00000004 =           4. bytes (ABS,CON)

      Value  Global                              Global Defined In Module
      -----  --------------------------------   ------------------------
     00000008  _timer0_overflow_count             main

ASxxxx Linker V03.00 + NoICE + sdld,  page 4.
Hexadecimal  [32-Bits]

Area                                    Addr        Size        Decimal Bytes (Attributes)
--------------------------------        ----        ----        ------- ----- ------------
.  .ABS.                            00000000    00000000 =           0. bytes (ABS,CON)

      Value  Global                              Global Defined In Module
      -----  --------------------------------   ------------------------
     00000000  .__.ABS.                           _startup
     00000000  _Ep0Buffer                         USBhandler
     0000000A  _Ep1Buffer                         USBhandler
     00000080  _ADC_CHAN0                         wiring
     00000080  _ADC_CTRL                          wiring
     00000081  _ADC_CHAN1                         wiring
     00000081  _SP                                wiring
     00000082  _DPL                               wiring
     00000083  _CMP_CHAN                          wiring
     00000083  _DPH                               wiring
     00000084  _ADC_START                         wiring
     00000084  _ROM_ADDR_L                        wiring
     00000085  _ADC_IF                            wiring
     00000085  _ROM_ADDR_H                        wiring
     00000086  _CMP_IF                            wiring
     00000086  _ROM_CTRL                          wiring
     00000087  _CMPO                              wiring
     00000087  _PCON                              wiring
     00000088  _IT0                               wiring
     00000088  _TCON                              wiring
     00000089  _IE0                               wiring
     00000089  _TMOD                              wiring
     0000008A  _IT1                               wiring
     0000008A  _TL0                               wiring
     0000008B  _IE1                               wiring
     0000008B  _TL1                               wiring
     0000008C  _TH0                               wiring
     0000008C  _TR0                               wiring
     0000008D  _TF0                               wiring
     0000008D  _TH1                               wiring
     0000008E  _ROM_DATA_L                        wiring
     0000008E  _TR1                               wiring
     0000008F  _ROM_DATA_H                        wiring
     0000008F  _TF1                               wiring
     00000090  _CAP1                              wiring
     00000090  _P1                                wiring
     00000090  _P1_0                              wiring
     00000090  _T2                                wiring
     00000090  _TIN0                              wiring
     00000091  _AIN0                              wiring
     00000091  _CAP2                              wiring
     00000091  _P1_1                              wiring
     00000091  _T2EX                              wiring
     00000091  _TIN1                              wiring
     00000091  _USB_C_CTRL                        wiring
     00000091  _VBUS2                             wiring
     00000092  _P1_2                              wiring
     00000092  _P1_MOD_OC                         wiring
     00000092  _RXD_                              wiring
     00000093  _P1_3                              wiring
ASxxxx Linker V03.00 + NoICE + sdld,  page 5.
Hexadecimal  [32-Bits]

Area                                    Addr        Size        Decimal Bytes (Attributes)
--------------------------------        ----        ----        ------- ----- ------------
.  .ABS.                            00000000    00000000 =           0. bytes (ABS,CON)

      Value  Global                              Global Defined In Module
      -----  --------------------------------   ------------------------
     00000093  _P1_DIR_PU                         wiring
     00000093  _TXD_                              wiring
     00000094  _AIN1                              wiring
     00000094  _CAP1_                             wiring
     00000094  _P1_4                              wiring
     00000094  _SCS                               wiring
     00000094  _T2_                               wiring
     00000094  _TIN2                              wiring
     00000094  _UCC1                              wiring
     00000095  _AIN2                              wiring
     00000095  _MOSI                              wiring
     00000095  _P1_5                              wiring
     00000095  _PWM1                              wiring
     00000095  _TIN3                              wiring
     00000095  _UCC2                              wiring
     00000096  _MISO                              wiring
     00000096  _P1_6                              wiring
     00000096  _P3_MOD_OC                         wiring
     00000096  _RXD1                              wiring
     00000096  _TIN4                              wiring
     00000097  _P1_7                              wiring
     00000097  _P3_DIR_PU                         wiring
     00000097  _SCK                               wiring
     00000097  _TIN5                              wiring
     00000097  _TXD1                              wiring
     00000098  _RI                                wiring
     00000098  _SCON                              wiring
     00000099  _SBUF                              wiring
     00000099  _TI                                wiring
     0000009A  _ADC_CFG                           wiring
     0000009A  _RB8                               wiring
     0000009B  _PWM_DATA2                         wiring
     0000009B  _TB8                               wiring
     0000009C  _PWM_DATA1                         wiring
     0000009C  _REN                               wiring
     0000009D  _PWM_CTRL                          wiring
     0000009D  _SM2                               wiring
     0000009E  _PWM_CK_SE                         wiring
     0000009E  _SM1                               wiring
     0000009F  _ADC_DATA                          wiring
     0000009F  _SM0                               wiring
     000000A0  _P2                                wiring
     000000A0  __XPAGE                            
     000000A1  _SAFE_MOD                          wiring
     000000A2  _XBUS_AUX                          wiring
     000000A8  _EX0                               wiring
     000000A8  _IE                                wiring
     000000A9  _ET0                               wiring
     000000A9  _WAKE_CTRL                         wiring
     000000AA  _EX1                               wiring
     000000AB  _ET1                               wiring
ASxxxx Linker V03.00 + NoICE + sdld,  page 6.
Hexadecimal  [32-Bits]

Area                                    Addr        Size        Decimal Bytes (Attributes)
--------------------------------        ----        ----        ------- ----- ------------
.  .ABS.                            00000000    00000000 =           0. bytes (ABS,CON)

      Value  Global                              Global Defined In Module
      -----  --------------------------------   ------------------------
     000000AC  _ES                                wiring
     000000AD  _ET2                               wiring
     000000AE  _E_DIS                             wiring
     000000AF  _EA                                wiring
     000000B0  _P3                                wiring
     000000B0  _P3_0                              wiring
     000000B0  _PWM1_                             wiring
     000000B0  _RXD                               wiring
     000000B1  _GLOBAL_CFG                        wiring
     000000B1  _P3_1                              wiring
     000000B1  _PWM2_                             wiring
     000000B1  _TXD                               wiring
     000000B2  _AIN3                              wiring
     000000B2  _INT0                              wiring
     000000B2  _P3_2                              wiring
     000000B2  _TXD1_                             wiring
     000000B2  _VBUS1                             wiring
     000000B3  _INT1                              wiring
     000000B3  _P3_3                              wiring
     000000B4  _P3_4                              wiring
     000000B4  _PWM2                              wiring
     000000B4  _RXD1_                             wiring
     000000B4  _T0                                wiring
     000000B5  _P3_5                              wiring
     000000B5  _T1                                wiring
     000000B6  _P3_6                              wiring
     000000B6  _UDP                               wiring
     000000B7  _P3_7                              wiring
     000000B7  _UDM                               wiring
     000000B8  _IP                                wiring
     000000B8  _PX0                               wiring
     000000B9  _CLOCK_CFG                         wiring
     000000B9  _PT0                               wiring
     000000BA  _PX1                               wiring
     000000BB  _PT1                               wiring
     000000BC  _PS                                wiring
     000000BD  _PT2                               wiring
     000000BE  _PL_FLAG                           wiring
     000000BF  _PH_FLAG                           wiring
     000000C0  _SCON1                             wiring
     000000C0  _U1RI                              wiring
     000000C1  _SBUF1                             wiring
     000000C1  _U1TI                              wiring
     000000C2  _SBAUD1                            wiring
     000000C2  _U1RB8                             wiring
     000000C3  _TKEY_CTRL                         wiring
     000000C3  _U1TB8                             wiring
     000000C4  _TKEY_DATL                         wiring
     000000C4  _U1REN                             wiring
     000000C5  _TKEY_DATH                         wiring
     000000C5  _U1SMOD                            wiring
ASxxxx Linker V03.00 + NoICE + sdld,  page 7.
Hexadecimal  [32-Bits]

Area                                    Addr        Size        Decimal Bytes (Attributes)
--------------------------------        ----        ----        ------- ----- ------------
.  .ABS.                            00000000    00000000 =           0. bytes (ABS,CON)

      Value  Global                              Global Defined In Module
      -----  --------------------------------   ------------------------
     000000C6  _PIN_FUNC                          wiring
     000000C7  _GPIO_IE                           wiring
     000000C7  _U1SM0                             wiring
     000000C8  _CP_RL2                            wiring
     000000C8  _T2CON                             wiring
     000000C9  _C_T2                              wiring
     000000C9  _T2MOD                             wiring
     000000CA  _RCAP2L                            wiring
     000000CA  _TR2                               wiring
     000000CB  _EXEN2                             wiring
     000000CB  _RCAP2H                            wiring
     000000CC  _TCLK                              wiring
     000000CC  _TL2                               wiring
     000000CD  _RCLK                              wiring
     000000CD  _TH2                               wiring
     000000CE  _EXF2                              wiring
     000000CE  _T2CAP1L                           wiring
     000000CF  _CAP1F                             wiring
     000000CF  _T2CAP1H                           wiring
     000000CF  _TF2                               wiring
     000000D0  _P                                 wiring
     000000D0  _PSW                               wiring
     000000D1  _F1                                wiring
     000000D1  _UDEV_CTRL                         wiring
     000000D2  _OV                                wiring
     000000D2  _UEP1_CTRL                         wiring
     000000D3  _RS0                               wiring
     000000D3  _UEP1_T_LEN                        wiring
     000000D4  _RS1                               wiring
     000000D4  _UEP2_CTRL                         wiring
     000000D5  _F0                                wiring
     000000D5  _UEP2_T_LEN                        wiring
     000000D6  _AC                                wiring
     000000D6  _UEP3_CTRL                         wiring
     000000D7  _CY                                wiring
     000000D7  _UEP3_T_LEN                        wiring
     000000D8  _UIF_BUS_RST                       wiring
     000000D8  _UIF_DETECT                        wiring
     000000D8  _USB_INT_FG                        wiring
     000000D9  _UIF_TRANSFER                      wiring
     000000D9  _USB_INT_ST                        wiring
     000000DA  _UIF_SUSPEND                       wiring
     000000DA  _USB_MIS_ST                        wiring
     000000DB  _UIF_HST_SOF                       wiring
     000000DB  _USB_RX_LEN                        wiring
     000000DC  _UEP0_CTRL                         wiring
     000000DC  _UIF_FIFO_OV                       wiring
     000000DD  _UEP0_T_LEN                        wiring
     000000DD  _U_SIE_FREE                        wiring
     000000DE  _UEP4_CTRL                         wiring
     000000DE  _U_TOG_OK                          wiring
ASxxxx Linker V03.00 + NoICE + sdld,  page 8.
Hexadecimal  [32-Bits]

Area                                    Addr        Size        Decimal Bytes (Attributes)
--------------------------------        ----        ----        ------- ----- ------------
.  .ABS.                            00000000    00000000 =           0. bytes (ABS,CON)

      Value  Global                              Global Defined In Module
      -----  --------------------------------   ------------------------
     000000DF  _UEP4_T_LEN                        wiring
     000000DF  _U_IS_NAK                          wiring
     000000E0  _ACC                               wiring
     000000E1  _USB_INT_EN                        wiring
     000000E2  _USB_CTRL                          wiring
     000000E3  _USB_DEV_AD                        wiring
     000000E4  _UEP2_DMA_L                        wiring
     000000E5  _UEP2_DMA_H                        wiring
     000000E6  _UEP3_DMA_L                        wiring
     000000E7  _UEP3_DMA_H                        wiring
     000000E8  _IE_EX                             wiring
     000000E8  _IE_SPI0                           wiring
     000000E9  _IE_TKEY                           wiring
     000000E9  _IP_EX                             wiring
     000000EA  _IE_USB                            wiring
     000000EA  _UEP4_1_MOD                        wiring
     000000EB  _IE_ADC                            wiring
     000000EB  _UEP2_3_MOD                        wiring
     000000EC  _IE_UART1                          wiring
     000000EC  _UEP0_DMA_L                        wiring
     000000ED  _IE_PWMX                           wiring
     000000ED  _UEP0_DMA_H                        wiring
     000000EE  _IE_GPIO                           wiring
     000000EE  _UEP1_DMA_L                        wiring
     000000EF  _IE_WDOG                           wiring
     000000EF  _UEP1_DMA_H                        wiring
     000000F0  _B                                 wiring
     000000F8  _S0_R_FIFO                         wiring
     000000F8  _SPI0_STAT                         wiring
     000000F9  _SPI0_DATA                         wiring
     000000FA  _S0_T_FIFO                         wiring
     000000FA  _SPI0_CTRL                         wiring
     000000FB  _S0_FREE                           wiring
     000000FB  _SPI0_CK_SE                        wiring
     000000FC  _S0_IF_BYTE                        wiring
     000000FC  _SPI0_SETUP                        wiring
     000000FD  _S0_IF_FIRST                       wiring
     000000FE  _RESET_KEEP                        wiring
     000000FE  _S0_IF_OV                          wiring
     000000FF  _S0_FST_ACT                        wiring
     000000FF  _WDOG_COUNT                        wiring
     00008584  _ROM_ADDR                          wiring
     00008F8E  _ROM_DATA                          wiring
     0000C5C4  _TKEY_DAT                          wiring
     0000CBCA  _RCAP2                             wiring
     0000CDCC  _T2COUNT                           wiring
     0000CFCE  _T2CAP1                            wiring
     0000E5E4  _UEP2_DMA                          wiring
     0000E7E6  _UEP3_DMA                          wiring
     0000EDEC  _UEP0_DMA                          wiring
     0000EFEE  _UEP1_DMA                          wiring

ASxxxx Linker V03.00 + NoICE + sdld,  page 9.
Hexadecimal  [32-Bits]

Area                                    Addr        Size        Decimal Bytes (Attributes)
--------------------------------        ----        ----        ------- ----- ------------
BSEG_BYTES                          00000020    00000004 =           4. bytes (REL,CON)

      Value  Global                              Global Defined In Module
      -----  --------------------------------   ------------------------
ASxxxx Linker V03.00 + NoICE + sdld,  page 10.
Hexadecimal  [32-Bits]

Area                                    Addr        Size        Decimal Bytes (Attributes)
--------------------------------        ----        ----        ------- ----- ------------
REG_BANK_0                          00000000    00000008 =           8. bytes (REL,OVR)

      Value  Global                              Global Defined In Module
      -----  --------------------------------   ------------------------
ASxxxx Linker V03.00 + NoICE + sdld,  page 11.
Hexadecimal  [32-Bits]

Area                                    Addr        Size        Decimal Bytes (Attributes)
--------------------------------        ----        ----        ------- ----- ------------
REG_BANK_1                          00000008    00000008 =           8. bytes (REL,OVR)

      Value  Global                              Global Defined In Module
      -----  --------------------------------   ------------------------
ASxxxx Linker V03.00 + NoICE + sdld,  page 12.
Hexadecimal  [32-Bits]

Area                                    Addr        Size        Decimal Bytes (Attributes)
--------------------------------        ----        ----        ------- ----- ------------
BIT_BANK                            00000024    00000001 =           1. bytes (REL,OVR)

      Value  Global                              Global Defined In Module
      -----  --------------------------------   ------------------------
ASxxxx Linker V03.00 + NoICE + sdld,  page 13.
Hexadecimal  [32-Bits]

Area                                    Addr        Size        Decimal Bytes (Attributes)
--------------------------------        ----        ----        ------- ----- ------------
DSEG                                00000000    0000007F =         127. bytes (REL,CON)

      Value  Global                              Global Defined In Module
      -----  --------------------------------   ------------------------
     00000019  _USB_queueMouse_PARM_2             USBHIDKeyboardMouse
     0000001A  _USB_queueMouse_PARM_3             USBHIDKeyboardMouse
     0000001B  _USB_queueMouse_PARM_4             USBHIDKeyboardMouse
     00000025  _rainbowHue                        sketch
     00000038  _firmwareLedAction_PARM_2          sketch
     0000003B  _startLayerIndicator_PARM_2        sketch
     0000003D  _scanButton_PARM_2                 sketch
     00000046  _configValid_PARM_2                config
     00000050  _configLedColor_PARM_2             config
     00000051  _configBinding_PARM_2              config
     00000052  _configBinding_PARM_3              config
     00000053  _configBinding_PARM_4              config
     00000054  _configChord_PARM_2                config
     00000055  _configChord_PARM_3                config
     00000056  _configChord_PARM_4                config
     00000057  _configChord_PARM_5                config
     0000005A  _eventUsed                         actions
     0000005B  _baseLayer                         actions
     0000005C  _previousLayer                     actions
     0000005D  _effectiveLayer                    actions
     0000005E  _oneShotReturnLayer                actions
     0000005F  _currentFirst                      actions
     00000060  _phase                             actions
     00000061  _tempOn                            actions
     00000066  _actionsPress_PARM_2               actions
     00000075  _SetupLen                          USBhandler
     00000076  _SetupReq                          USBhandler
     00000077  _ep0ReportExpected                 USBhandler
     00000078  _ep0ReportReceived                 USBhandler
     00000079  _pDescr                            USBhandler
     0000007B  _descriptorInRam                   USBhandler
     0000007C  _usbMsgFlags                       USBhandler

ASxxxx Linker V03.00 + NoICE + sdld,  page 14.
Hexadecimal  [32-Bits]

Area                                    Addr        Size        Decimal Bytes (Attributes)
--------------------------------        ----        ----        ------- ----- ------------
OSEG                                0000007D    00000003 =           3. bytes (REL,OVR)

      Value  Global                              Global Defined In Module
      -----  --------------------------------   ------------------------
     0000007D  _USB_getReport_PARM_2              USBHIDKeyboardMouse
     0000007D  _USB_setIdle_PARM_2                USBHIDKeyboardMouse
     0000007D  _ledStep_PARM_2                    sketch
     0000007E  _USB_getReport_PARM_3              USBHIDKeyboardMouse
     0000007E  _ledStep_PARM_3                    sketch

ASxxxx Linker V03.00 + NoICE + sdld,  page 15.
Hexadecimal  [32-Bits]

Area                                    Addr        Size        Decimal Bytes (Attributes)
--------------------------------        ----        ----        ------- ----- ------------
ISEG                                00000080    00000032 =          50. bytes (REL,CON)

      Value  Global                              Global Defined In Module
      -----  --------------------------------   ------------------------
     00000080  _rawState                          sketch
     00000087  _stableState                       sketch
     0000008E  _rawChanged                        sketch
     0000009C  _lastLayer                         sketch
     0000009D  _rainbowChanged                    sketch
     0000009E  _rainbowDrift                      sketch
     000000A1  _lastMouse                         actions
     000000A2  _timedHigh                         actions
     000000A6  _timedFraction                     actions
     000000AA  _consumerFirst                     actions
     000000AB  _consumerSecond                    actions
     000000AC  _consumerOwner                     actions
     000000AD  _scrollRepeated                    actions
     000000AE  _timedPending                      actions

ASxxxx Linker V03.00 + NoICE + sdld,  page 16.
Hexadecimal  [32-Bits]

Area                                    Addr        Size        Decimal Bytes (Attributes)
--------------------------------        ----        ----        ------- ----- ------------
SSEG                                000000B2    0000004E =          78. bytes (REL,OVR)

      Value  Global                              Global Defined In Module
      -----  --------------------------------   ------------------------
     000000B2  __start__stack                     main

ASxxxx Linker V03.00 + NoICE + sdld,  page 17.
Hexadecimal  [32-Bits]

Area                                    Addr        Size        Decimal Bytes (Attributes)
--------------------------------        ----        ----        ------- ----- ------------
PSEG                                00000094    0000006C =         108. bytes (REL,CON,PAG,XDATA)

      Value  Global                              Global Defined In Module
      -----  --------------------------------   ------------------------
D:   00000094  _encoderState                      sketch
D:   00000095  _encoderMovement                   sketch
D:   00000096  _layerIndicatorPhasesLeft          sketch
D:   00000097  _layerIndicatorDeadline            sketch
D:   00000098  _ledSettings                       sketch
D:   0000009C  _previewOptions                    sketch
D:   0000009D  _buttonFirst                       actions
D:   000000A4  _buttonSecond                      actions
D:   000000AB  _buttonPressed                     actions
D:   000000B2  _buttonOrder                       actions
D:   000000B9  _latchedMouse                      actions
D:   000000C6  _lastKeyboard                      actions
D:   000000CE  _inputDown                         actions
D:   000000CF  _chordPartner                      actions
D:   000000D5  _pendingInput                      actions
D:   000000D6  _pendingLayer                      actions
D:   000000D7  _pendingSince                      actions
D:   000000D9  _lastReportGeneration              actions
D:   000000DA  _eventData                         actions
D:   000000EA  _eventHead                         actions
D:   000000EB  _eventTail                         actions
D:   000000EC  _droppedButtons                    actions
D:   000000ED  _droppedRotation                   actions
D:   000000EE  _layerSelectionPending             actions
D:   000000EF  _currentSecond                     actions
D:   000000F0  _tempFirst                         actions
D:   000000F1  _tempSecond                        actions
D:   000000F2  _tempMouse                         actions
D:   000000F3  _tempReady                         actions
D:   000000F4  _stringIndex                       actions
D:   000000F5  _timedAge                          actions
D:   000000F9  _timedClock                        actions
D:   000000FA  _timedWork                         actions
D:   000000FB  _consumerReleasePending            actions
D:   000000FC  _deadline                          actions
D:   000000FE  _pointerRepeated                   actions
D:   000000FF  _protocolState                     protocol_firmware

ASxxxx Linker V03.00 + NoICE + sdld,  page 18.
Hexadecimal  [32-Bits]

Area                                    Addr        Size        Decimal Bytes (Attributes)
--------------------------------        ----        ----        ------- ----- ------------
XSEG                                00000100    000001E7 =         487. bytes (REL,CON,XDATA)

      Value  Global                              Global Defined In Module
      -----  --------------------------------   ------------------------
D:   00000100  _ledData                           sketch
D:   00000109  _encoderPressedMs                  sketch
D:   0000010B  _activeConfig                      config
D:   0000018B  _configStringChar_PARM_2           config
D:   0000018C  _nextKeyboard                      actions
D:   00000194  _protocolInbox                     protocol_firmware
D:   000001B4  _protocolReply                     protocol_firmware
D:   000001D4  _stagedConfig                      protocol_firmware
D:   00000254  _uploadState                       protocol_firmware
D:   00000255  _uploadNext                        protocol_firmware
D:   00000256  _uploadCrc                         protocol_firmware
D:   00000258  _uploadTime                        protocol_firmware
D:   0000025A  _keyboardLedStatus                 USBHIDKeyboardMouse
D:   0000025B  _reportQueue                       USBHIDKeyboardMouse
D:   000002A3  _reportLength                      USBHIDKeyboardMouse
D:   000002AB  _reportHead                        USBHIDKeyboardMouse
D:   000002AC  _reportTail                        USBHIDKeyboardMouse
D:   000002AD  _reportCount                       USBHIDKeyboardMouse
D:   000002AE  _reportGeneration                  USBHIDKeyboardMouse
D:   000002AF  _USB_idleRate                      USBHIDKeyboardMouse
D:   000002B0  _USB_globalIdleRate                USBHIDKeyboardMouse
D:   000002B1  _mouseIdleRate                     USBHIDKeyboardMouse
D:   000002B2  _consumerIdleRate                  USBHIDKeyboardMouse
D:   000002B3  _idleReport                        USBHIDKeyboardMouse
D:   000002B4  _keyboardTime                      USBHIDKeyboardMouse
D:   000002B6  _mouseTime                         USBHIDKeyboardMouse
D:   000002B8  _consumerTime                      USBHIDKeyboardMouse
D:   000002BA  _keyboardState                     USBHIDKeyboardMouse
D:   000002C2  _mouseState                        USBHIDKeyboardMouse
D:   000002C3  _consumerState                     USBHIDKeyboardMouse
D:   000002C5  _Ep0Report                         USBhandler
D:   000002E5  _UsbConfig                         USBhandler
D:   000002E6  _eeprom_write_byte_PARM_2          eeprom
ASxxxx Linker V03.00 + NoICE + sdld,  page 19.
Hexadecimal  [32-Bits]

Area                                    Addr        Size        Decimal Bytes (Attributes)
--------------------------------        ----        ----        ------- ----- ------------
HOME                                00000000    00000049 =          73. bytes (REL,CON,CODE)

      Value  Global                              Global Defined In Module
      -----  --------------------------------   ------------------------
C:   00000046  __sdcc_program_startup             main

ASxxxx Linker V03.00 + NoICE + sdld,  page 20.
Hexadecimal  [32-Bits]

Area                                    Addr        Size        Decimal Bytes (Attributes)
--------------------------------        ----        ----        ------- ----- ------------
GSINIT0                             00000049    00000003 =           3. bytes (REL,CON,CODE)

      Value  Global                              Global Defined In Module
      -----  --------------------------------   ------------------------
C:   00000049  __sdcc_gsinit_startup              

ASxxxx Linker V03.00 + NoICE + sdld,  page 21.
Hexadecimal  [32-Bits]

Area                                    Addr        Size        Decimal Bytes (Attributes)
--------------------------------        ----        ----        ------- ----- ------------
GSINIT2                             0000004C    0000000A =          10. bytes (REL,CON,CODE)

      Value  Global                              Global Defined In Module
      -----  --------------------------------   ------------------------
ASxxxx Linker V03.00 + NoICE + sdld,  page 22.
Hexadecimal  [32-Bits]

Area                                    Addr        Size        Decimal Bytes (Attributes)
--------------------------------        ----        ----        ------- ----- ------------
GSINIT4                             00000056    0000002A =          42. bytes (REL,CON,CODE)

      Value  Global                              Global Defined In Module
      -----  --------------------------------   ------------------------
C:   00000056  __mcs51_genRAMCLEAR                
C:   0000005C  __mcs51_genXRAMCLEAR               

ASxxxx Linker V03.00 + NoICE + sdld,  page 23.
Hexadecimal  [32-Bits]

Area                                    Addr        Size        Decimal Bytes (Attributes)
--------------------------------        ----        ----        ------- ----- ------------
GSINIT                              00000080    00000012 =          18. bytes (REL,CON,CODE)

      Value  Global                              Global Defined In Module
      -----  --------------------------------   ------------------------
ASxxxx Linker V03.00 + NoICE + sdld,  page 24.
Hexadecimal  [32-Bits]

Area                                    Addr        Size        Decimal Bytes (Attributes)
--------------------------------        ----        ----        ------- ----- ------------
GSFINAL                             00000092    00000004 =           4. bytes (REL,CON,CODE)

      Value  Global                              Global Defined In Module
      -----  --------------------------------   ------------------------
ASxxxx Linker V03.00 + NoICE + sdld,  page 25.
Hexadecimal  [32-Bits]

Area                                    Addr        Size        Decimal Bytes (Attributes)
--------------------------------        ----        ----        ------- ----- ------------
CSEG                                00000096    00003538 =       13624. bytes (REL,CON,CODE)

      Value  Global                              Global Defined In Module
      -----  --------------------------------   ------------------------
C:   00000096  _displayLeds                       sketch
C:   000000AB  _clearLeds                         sketch
C:   000000C4  _dimIndicatorComponent             sketch
C:   000000D7  _indicatorBrightness               sketch
C:   000000EC  _updateLeds                        sketch
C:   00000344  _ledStep                           sketch
C:   00000361  _firmwareLedAction                 sketch
C:   00000535  _firmwarePreviewColor              sketch
C:   00000572  _startLayerIndicator               sketch
C:   000005CA  _serviceLayerIndicator             sketch
C:   00000606  _enterBootloader                   sketch
C:   0000069E  _readButton                        sketch
C:   000006D0  _readEncoder                       sketch
C:   000006DF  _scanButton                        sketch
C:   00000785  _scanEncoder                       sketch
C:   000007FE  _firmwareApplyConfig               sketch
C:   000008ED  _setup                             sketch
C:   0000091E  _loop                              sketch
C:   00000B40  _configCrc                         config
C:   00000DA0  _configValid                       config
C:   00001136  _configLayerCount                  config
C:   00001142  _configStartupLayer                config
C:   00001151  _configKeyCount                    config
C:   00001155  _configChordWindowMs               config
C:   0000116F  _configLayerOptions                config
C:   0000118E  _configLedColor                    config
C:   00001202  _configBinding                     config
C:   00001272  _configChord                       config
C:   00001359  _configTimedCount                  config
C:   00001371  _configTimedOffset                 config
C:   0000138B  _configStringChar                  config
C:   000017F8  _actionsInit                       actions
C:   00001892  _actionsClear                      actions
C:   000018B4  _actionsDropped                    actions
C:   000018C5  _actionsLayer                      actions
C:   000018C9  _actionsTakeLayerSelection         actions
C:   000018F4  _actionsPress                      actions
C:   00001AFD  _actionsRelease                    actions
C:   00001BA4  _actionsRotate                     actions
C:   00001C09  _actionsTimedReset                 actions
C:   00001D65  _actionsTimedPoll                  actions
C:   00001D7B  _actionsTimedInput                 actions
C:   00001DD0  _actionsPoll                       actions
C:   0000211C  _protocolInit                      protocol_firmware
C:   0000215D  _protocolReset                     protocol_firmware
C:   00002160  _protocolReceive                   protocol_firmware
C:   0000255C  _protocolPoll                      protocol_firmware
C:   00002638  _storageRead                       storage
C:   000026A6  _storageSave                       storage
C:   00002738  _DeviceUSBInterrupt                main
ASxxxx Linker V03.00 + NoICE + sdld,  page 26.
Hexadecimal  [32-Bits]

Area                                    Addr        Size        Decimal Bytes (Attributes)
--------------------------------        ----        ----        ------- ----- ------------
CSEG                                00000096    00003538 =       13624. bytes (REL,CON,CODE)

      Value  Global                              Global Defined In Module
      -----  --------------------------------   ------------------------
C:   00002777  _main                              main
C:   0000278B  ___sdcc_external_startup           main
C:   00002790  _USBInit                           USBHIDKeyboardMouse
C:   000027A0  _USB_EP1_IN                        USBHIDKeyboardMouse
C:   000027AE  _USB_EP1_OUT                       USBHIDKeyboardMouse
C:   000027E5  _USB_EP1_sendConfig                USBHIDKeyboardMouse
C:   00002852  _USB_EP1_receiveReady              USBHIDKeyboardMouse
C:   00002870  _USB_setKeyboardLedStatus          USBHIDKeyboardMouse
C:   00002877  _USB_EP1_reset                     USBHIDKeyboardMouse
C:   000028CD  _USB_reportGeneration              USBHIDKeyboardMouse
C:   000028D4  _USB_discardReports                USBHIDKeyboardMouse
C:   0000297C  _USB_queueKeyboard                 USBHIDKeyboardMouse
C:   000029FB  _USB_queueMouse                    USBHIDKeyboardMouse
C:   00002A63  _USB_queueConsumer                 USBHIDKeyboardMouse
C:   00002A74  _USB_reportsPending                USBHIDKeyboardMouse
C:   00002A86  _USB_reportPoll                    USBHIDKeyboardMouse
C:   00002C3E  _USB_asciiUsage                    USBHIDKeyboardMouse
C:   00002C51  _USB_setIdle                       USBHIDKeyboardMouse
C:   00002C8B  _USB_getIdle                       USBHIDKeyboardMouse
C:   00002CB9  _USB_getReport                     USBHIDKeyboardMouse
C:   00002DCF  _USB_EP0_SETUP                     USBhandler
C:   000032BC  _USB_EP0_IN                        USBhandler
C:   000032E7  _USB_EP0_OUT                       USBhandler
C:   000033C5  _USBInterrupt                      USBhandler
C:   00003455  _USBDeviceCfg                      USBhandler
C:   0000346E  _USBDeviceIntCfg                   USBhandler
C:   0000347F  _USBDeviceEndPointCfg              USBhandler
C:   0000349A  _neopixel_show_long_P3_4           optionalLink_WS2812_P3_4
C:   000034BE  _eeprom_write_byte                 eeprom
C:   000034F4  _eeprom_read_byte                  eeprom
C:   00003504  _Timer0Interrupt                   wiring
C:   0000351D  _millis                            wiring
C:   0000355A  _delayMicroseconds                 wiring
C:   00003595  _init                              wiring
C:   000035CA  __sdcc_external_startup            _startup

ASxxxx Linker V03.00 + NoICE + sdld,  page 27.
Hexadecimal  [32-Bits]

Area                                    Addr        Size        Decimal Bytes (Attributes)
--------------------------------        ----        ----        ------- ----- ------------
CONST                               000035CE    0000022C =         556. bytes (REL,CON,CODE)

      Value  Global                              Global Defined In Module
      -----  --------------------------------   ------------------------
C:   000035CE  _KEY_MASK                          sketch
C:   000035D3  _rainbowPositions                  sketch
C:   000035D6  _rainbowDriftPositions             sketch
C:   000035D9  _rainbowSteps                      sketch
C:   000035DD  _rainbowFrameMs                    sketch
C:   000035E1  _encoderTransitions                sketch
C:   000035F1  _ledPresets                        sketch
C:   000035F6  _configPalette                     config
C:   00003634  __asciimap                         USBHIDKeyboardMouse
C:   000036B4  _DeviceDescriptor                  USBconstant
C:   000036C6  _ReportDescriptor                  USBconstant
C:   0000377D  _ConfigurationDescriptor           USBconstant
C:   000037A6  _LanguageDescriptor                USBconstant
C:   000037AA  _SerialDescriptor                  USBconstant
C:   000037C6  _ProductDescriptor                 USBconstant
C:   000037EC  _ManufacturerDescriptor            USBconstant

ASxxxx Linker V03.00 + NoICE + sdld,  page 28.

Files Linked                              [ module(s) ]

/var/folders/g4/ryjh4prx2h5c6hpmzmtypm400000gn/T/macropad-v10-stack-pzkd3jkv/3-key-True/sketch.rel
                                          [  ]
/var/folders/g4/ryjh4prx2h5c6hpmzmtypm400000gn/T/macropad-v10-stack-pzkd3jkv/3-key-True/config.rel
                                          [  ]
/var/folders/g4/ryjh4prx2h5c6hpmzmtypm400000gn/T/macropad-v10-stack-pzkd3jkv/3-key-True/actions.rel
                                          [  ]
/var/folders/g4/ryjh4prx2h5c6hpmzmtypm400000gn/T/macropad-v10-stack-pzkd3jkv/3-key-True/protocol_firmware.rel
                                          [  ]
/var/folders/g4/ryjh4prx2h5c6hpmzmtypm400000gn/T/macropad-v10-stack-pzkd3jkv/3-key-True/storage.rel
                                          [  ]
/var/folders/g4/ryjh4prx2h5c6hpmzmtypm400000gn/T/macropad-v10-stack-pzkd3jkv/3-key-True/core_main.rel
                                          [  ]
/var/folders/g4/ryjh4prx2h5c6hpmzmtypm400000gn/T/macropad-v10-stack-pzkd3jkv/3-key-True/hid_USBHIDKeyboardMouse.rel
                                          [  ]
/var/folders/g4/ryjh4prx2h5c6hpmzmtypm400000gn/T/macropad-v10-stack-pzkd3jkv/3-key-True/hid_USBconstant.rel
                                          [  ]
/var/folders/g4/ryjh4prx2h5c6hpmzmtypm400000gn/T/macropad-v10-stack-pzkd3jkv/3-key-True/hid_USBhandler.rel
                                          [  ]
/var/folders/g4/ryjh4prx2h5c6hpmzmtypm400000gn/T/macropad-v10-stack-pzkd3jkv/3-key-True/ws2812_p34.rel
                                          [  ]


Libraries Linked                          [ object file ]

/var/folders/g4/ryjh4prx2h5c6hpmzmtypm400000gn/T/macropad-v10-stack-pzkd3jkv/3-key-True/core.lib
                                          [ core_eeprom.rel ]
/Users/benperkins/Library/Arduino15/packages/CH55xDuino/tools/sdcc/build.13407_4/share/sdcc/lib/small_int_calc_stack_auto/mcs51.lib
                                          [ crtclear.rel ]
/var/folders/g4/ryjh4prx2h5c6hpmzmtypm400000gn/T/macropad-v10-stack-pzkd3jkv/3-key-True/core.lib
                                          [ core_wiring.rel ]
/Users/benperkins/Library/Arduino15/packages/CH55xDuino/tools/sdcc/build.13407_4/share/sdcc/lib/small_int_calc_stack_auto/mcs51.lib
                                          [ crtxclear.rel ]
/Users/benperkins/Library/Arduino15/packages/CH55xDuino/tools/sdcc/build.13407_4/share/sdcc/lib/small_int_calc_stack_auto/mcs51.lib
                                          [ crtpagesfr.rel ]
/Users/benperkins/Library/Arduino15/packages/CH55xDuino/tools/sdcc/build.13407_4/share/sdcc/lib/small_int_calc_stack_auto/mcs51.lib
                                          [ crtstart.rel ]
/Users/benperkins/Library/Arduino15/packages/CH55xDuino/tools/sdcc/build.13407_4/share/sdcc/lib/small_int_calc_stack_auto/libsdcc.lib
                                          [ _startup.rel ]

ASxxxx Linker V03.00 + NoICE + sdld,  page 29.

User Base Address Definitions

HOME = 0x0000
XSEG = 0x0094
PSEG = 0x0094
ISEG = 0x0000
BSEG = 0x0000

